// Jest Snapshot v1, https://goo.gl/fbAQLP

exports[`auth page should render auth page 1`] = `ShallowWrapper {}`;
