// Jest Snapshot v1, https://goo.gl/fbAQLP

exports[`<Logout /> template should render Logout component 1`] = `ShallowWrapper {}`;
