// Jest Snapshot v1, https://goo.gl/fbAQLP

exports[`navigationItem should render navigationItem component 1`] = `ShallowWrapper {}`;
