// Jest Snapshot v1, https://goo.gl/fbAQLP

exports[`navigationItem should render navigationItems component 1`] = `ShallowWrapper {}`;
