// Jest Snapshot v1, https://goo.gl/fbAQLP

exports[`toolbar should render toolbar component 1`] = `ShallowWrapper {}`;
