// Jest Snapshot v1, https://goo.gl/fbAQLP

exports[`<New /> template should render New component 1`] = `ShallowWrapper {}`;
