// Jest Snapshot v1, https://goo.gl/fbAQLP

exports[`<Show /> template should render Show component 1`] = `ShallowWrapper {}`;
