// Jest Snapshot v1, https://goo.gl/fbAQLP

exports[`<Update /> template should render Update component 1`] = `ShallowWrapper {}`;
