// Jest Snapshot v1, https://goo.gl/fbAQLP

exports[`user should render user component 1`] = `ShallowWrapper {}`;
