// Jest Snapshot v1, https://goo.gl/fbAQLP

exports[`button should render button component 1`] = `ShallowWrapper {}`;
