// Jest Snapshot v1, https://goo.gl/fbAQLP

exports[`Template should render Template component 1`] = `ShallowWrapper {}`;
